// Jest Snapshot v1, https://goo.gl/fbAQLP

exports[`should render editexpense 1`] = `undefined`;
