// Jest Snapshot v1, https://goo.gl/fbAQLP

exports[`should render expenseitem 1`] = `
<div>
  <Link
    replace={false}
    to="/edit1"
  >
    <h3>
      Gum
    </h3>
  </Link>
  <p>
    195
     - 
    0
  </p>
</div>
`;
